Script started on 2024-07-15 19:18:48+00:00 [TERM="xterm" TTY="/dev/pts/1" COLUMNS="80" LINES="24"]
[?2004h]0;root@ip-172-31-4-81: ~/Linux_coomendsroot@ip-172-31-4-81:~/Linux_coomends# ls
[?2004lREADME.md  [0m[01;34mcommends[0m  typescript
[?2004h]0;root@ip-172-31-4-81: ~/Linux_coomendsroot@ip-172-31-4-81:~/Linux_coomends# git branche[K ubuntucoomends
[?2004l[?2004h]0;root@ip-172-31-4-81: ~/Linux_coomendsroot@ip-172-31-4-81:~/Linux_coomends# ls
[?2004lREADME.md  [0m[01;34mcommends[0m  typescript
[?2004h]0;root@ip-172-31-4-81: ~/Linux_coomendsroot@ip-172-31-4-81:~/Linux_coomends# git branch checkoy[Kut ubuntucoomends
[?2004l[?2004h]0;root@ip-172-31-4-81: ~/Linux_coomendsroot@ip-172-31-4-81:~/Linux_coomends# hit [K[K[K[Kgiy[Kt branch 
[?2004l[?1h=  checkout[m[m
* [32mmain[m[m
  ubuntucoomends[m[m
[K[?1l>[?2004h]0;root@ip-172-31-4-81: ~/Linux_coomendsroot@ip-172-31-4-81:~/Linux_coomends# git brach -b [K[K[K[K[K[K[K[K[K[K[K[K[K[7mgit checkout -b ubuntucoomends[27m
[A[C[C[C[C[C[C[C[C[C[C[C[C[C[C[C[C[C[C[C[C[C[C[C[C[C[C[C[C[C[C[C[C[C[C[C[C[C[Cgit checkout -b ubuntucoomends
[A
[?2004lfatal: A branch named 'ubuntucoomends' already exists.
[?2004h]0;root@ip-172-31-4-81: ~/Linux_coomendsroot@ip-172-31-4-81:~/Linux_coomends# git checkout -b ubuntucoomends
[?2004lfatal: A branch named 'ubuntucoomends' already exists.
[?2004h]0;root@ip-172-31-4-81: ~/Linux_coomendsroot@ip-172-31-4-81:~/Linux_coomends# [7mgit branch[27m
[A[C[C[C[C[C[C[C[C[C[C[C[C[C[C[C[C[C[C[C[C[C[C[C[C[C[C[C[C[C[C[C[C[C[C[C[C[C[Cgit branch
[A
[?2004l[?1h=  checkout[m[m
* [32mmain[m[m
  ubuntucoomends[m[m
[K[?1l>[?2004h]0;root@ip-172-31-4-81: ~/Linux_coomendsroot@ip-172-31-4-81:~/Linux_coomends# git checkout ubuntucoomends
[?2004lM	typescript
Switched to branch 'ubuntucoomends'
[?2004h]0;root@ip-172-31-4-81: ~/Linux_coomendsroot@ip-172-31-4-81:~/Linux_coomends# ls
[?2004lREADME.md  [0m[01;34mcommends[0m  typescript
[?2004h]0;root@ip-172-31-4-81: ~/Linux_coomendsroot@ip-172-31-4-81:~/Linux_coomends# git brache
[?2004lgit: 'brache' is not a git command. See 'git --help'.

The most similar command is
	branch
[?2004h]0;root@ip-172-31-4-81: ~/Linux_coomendsroot@ip-172-31-4-81:~/Linux_coomends# git brache[K[Cnch
[?2004l[?1h=  checkout[m[m
  main[m[m
* [32mubuntucoomends[m[m
[K[?1l>[?2004h]0;root@ip-172-31-4-81: ~/Linux_coomendsroot@ip-172-31-4-81:~/Linux_coomends# git branchchels[Kgit checkout ubuntucoomends[K[K[K[K[K[K[K[K[K[K[K[K[K[Kmain
[?2004lM	typescript
Switched to branch 'main'
Your branch is up to date with 'origin/main'.
[?2004h]0;root@ip-172-31-4-81: ~/Linux_coomendsroot@ip-172-31-4-81:~/Linux_coomends# git checkout main[7Pbranch
[?2004l[?1h=  checkout[m[m
* [32mmain[m[m
  ubuntucoomends[m[m
[K[?1l>[?2004h]0;root@ip-172-31-4-81: ~/Linux_coomendsroot@ip-172-31-4-81:~/Linux_coomends# git branchcheckout main[7Pbranchchels[Kgit checkout ubuntucoomends
[?2004lM	typescript
Switched to branch 'ubuntucoomends'
[?2004h]0;root@ip-172-31-4-81: ~/Linux_coomendsroot@ip-172-31-4-81:~/Linux_coomends# git checkout ubuntucoomendsbranch[K
[?2004l[?1h=  checkout[m[m
  main[m[m
* [32mubuntucoomends[m[m
[K[?1l>[?2004h]0;root@ip-172-31-4-81: ~/Linux_coomendsroot@ip-172-31-4-81:~/Linux_coomends# mkdir git [K_d[Kcoomends
[?2004l[?2004h]0;root@ip-172-31-4-81: ~/Linux_coomendsroot@ip-172-31-4-81:~/Linux_coomends# cd git_coomends/
[?2004l[?2004h]0;root@ip-172-31-4-81: ~/Linux_coomends/git_coomendsroot@ip-172-31-4-81:~/Linux_coomends/git_coomends# toucgh[K[Kh hidenfiles
[?2004l[?2004h]0;root@ip-172-31-4-81: ~/Linux_coomends/git_coomendsroot@ip-172-31-4-81:~/Linux_coomends/git_coomends# vi hidenfiles 
[?2004l[?1049h[22;0;0t[>4;2m[?1h=[?2004h[?1004h[1;24r[?12h[?12l[22;2t[22;1t[27m[23m[29m[m[H[2J[?25l[24;1H"hidenfiles" 0L, 0B[2;1H▽[6n[2;1H  [3;1HPzz\[0%m[6n[3;1H           [1;1H[>c]10;?]11;?[2;1H[1m[34m~                                                                               [3;1H~                                                                               [4;1H~                                                                               [5;1H~                                                                               [6;1H~                                                                               [7;1H~                                                                               [8;1H~                                                                               [9;1H~                                                                               [10;1H~                                                                               [11;1H~                                                                               [12;1H~                                                                               [13;1H~                                                                               [14;1H~                                                                               [15;1H~                                                                               [16;1H~                                                                               [17;1H~                                                                               [18;1H~                                                                               [19;1H~                                                                               [20;1H~                                                                               [21;1H~                                                                               [22;1H~                                                                               [23;1H~                                                                               [m[24;63H0,0-1[9CAll[1;1H[?25h[?25l[24;53Hi[1;1H[24;53H [1;1H[24;1H[1m-- INSERT --[m[24;14H[K[24;63H0,1[11CAll[1;1H[?25h[?25lw[24;63H1,2[1;2H[?25h[?25lh[24;65H3[1;3H[?25h[?25l[1;2H[K[24;65H2[1;2H[?25h[?25l[1;1H[K[24;65H1[1;1H[?25h[?25lg[24;65H2[1;2H[?25h[?25li[24;65H3[1;3H[?25h[?25lt[24;65H4[1;4H[?25h[?25l[24;65H5[1;5H[?25h[?25li[24;65H6[1;6H[?25h[?25ln[24;65H7[1;7H[?25h[?25li[24;65H8[1;8H[?25h[?25lt[24;65H9[1;9H[?25h[?25l[2;1H[K[24;63H2,1[2;1H[?25h[?25lg[24;65H2[2;2H[?25h[?25li[24;65H3[2;3H[?25h[?25lt[24;65H4[2;4H[?25h[?25l[24;65H5[2;5H[?25h[?25la[24;65H6[2;6H[?25h[?25ld[24;65H7[2;7H[?25h[?25ld[24;65H8[2;8H[?25h[?25l[24;65H9[2;9H[?25h[?25l.[24;65H10[2;10H[?25h[?25l[3;1H[K[24;63H3,1 [3;1H[?25h[?25lg[24;65H2[3;2H[?25h[?25li[24;65H3[3;3H[?25h[?25lt[24;65H4[3;4H[?25h[?25l[24;65H5[3;5H[?25h[?25ls[24;65H6[3;6H[?25h[?25lt[24;65H7[3;7H[?25h[?25la[24;65H8[3;8H[?25h[?25lt[24;65H9[3;9H[?25h[?25lu[24;65H10[3;10H[?25h[?25ls[24;66H1[3;11H[?25h[?25l[24;66H2[3;12H[?25h[?25l[4;1H[K[24;63H4,1 [4;1H[?25h[?25lg[24;65H2[4;2H[?25h[?25li[24;65H3[4;3H[?25h[?25lt[24;65H4[4;4H[?25h[?25l[24;65H5[4;5H[?25h[?25lc[24;65H6[4;6H[?25h[?25l[4;5H[K[24;65H5[4;5H[?25h[?25lc[24;65H6[4;6H[?25h[?25lo[24;65H7[4;7H[?25h[?25lm[24;65H8[4;8H[?25h[?25lm[24;65H9[4;9H[?25h[?25li[24;65H10[4;10H[?25h[?25lt[24;66H1[4;11H[?25h[?25l[24;66H2[4;12H[?25h[?25l-[24;66H3[4;13H[?25h[?25lm[24;66H4[4;14H[?25h[?25l[24;66H5[4;15H[?25h[?25l"[24;66H6[4;16H[?25h[?25l[24;66H7[4;17H[?25h[?25lm[24;66H8[4;18H[?25h[?25ls[24;66H9[4;19H[?25h[?25lg[24;65H20[4;20H[?25h[?25ls[24;66H1[4;21H[?25h[?25ls[24;66H2[4;22H[?25h[?25l"[24;66H3[4;23H[?25h[?25l[5;1H[K[24;63H5,1 [5;1H[?25h[?25lg[24;65H2[5;2H[?25h[?25li[24;65H3[5;3H[?25h[?25lt[24;65H4[5;4H[?25h[?25l[24;65H5[5;5H[?25h[?25ll[24;65H6[5;6H[?25h[?25lo[24;65H7[5;7H[?25h[?25lg[24;65H8[5;8H[?25h[?25l[6;1H[K[24;63H6,1[6;1H[?25h[?25lg[24;65H2[6;2H[?25h[?25li[24;65H3[6;3H[?25h[?25lt[24;65H4[6;4H[?25h[?25l[24;65H5[6;5H[?25h[?25ls[24;65H6[6;6H[?25h[?25lt[24;65H7[6;7H[?25h[?25la[24;65H8[6;8H[?25h[?25lt[24;65H9[6;9H[?25h[?25lt[24;65H10[6;10H[?25h[?25lu[24;66H1[6;11H[?25h[?25ls[24;66H2[6;12H[?25h[?25l[6;11H[K[24;66H1[6;11H[?25h[?25l[6;10H[K[24;66H0[6;10H[?25h[?25l[6;9H[K[24;65H9 [6;9H[?25h[?25l[6;8H[K[24;65H8[6;8H[?25h[?25l[6;7H[K[24;65H7[6;7H[?25h[?25l[6;6H[K[24;65H6[6;6H[?25h[?25l[6;5H[K[24;65H5[6;5H[?25h[?25l[24;65H6[6;6H[?25h[?25lp[24;65H7[6;7H[?25h[?25l[6;6H[K[24;65H6[6;6H[?25h[?25lr[24;65H7[6;7H[?25h[?25le[24;65H8[6;8H[?25h[?25lm[24;65H9[6;9H[?25h[?25lo[24;65H10[6;10H[?25h[?25lt[24;66H1[6;11H[?25h[?25le[24;66H2[6;12H[?25h[?25l[24;66H3[6;13H[?25h[?25lo[24;66H4[6;14H[?25h[?25lr[24;66H5[6;15H[?25h[?25li[24;66H6[6;16H[?25h[?25lg[24;66H7[6;17H[?25h[?25li[24;66H8[6;18H[?25h[?25ln[24;66H9[6;19H[?25h[?25l[24;65H20[6;20H[?25h[?25lp[24;66H1[6;21H[?25h[?25lu[24;66H2[6;22H[?25h[?25ls[24;66H3[6;23H[?25h[?25lh[24;66H4[6;24H[?25h[?25l[24;66H5[6;25H[?25h[?25l[7;1H[K[24;63H7,1 [7;1H[?25h[?25l[24;65H2[7;2H[?25h[?25l[24;65H3[7;3H[?25h[?25l[8;1H[K[24;63H8,1[8;1H[?25h[?25l[9;1H[K[24;63H9[9;1H[?25h[?25l[10;1H[K[24;63H10,1[10;1H[?25h[?25l[11;1H[K[24;64H1[11;1H[?25h[?25l[24;66H2[11;2H[?25h[?25la[24;66H3[11;3H[?25h[?25lf[24;66H4[11;4H[?25h[?25lt[24;66H5[11;5H[?25h[?25le[24;66H6[11;6H[?25h[?25lr[24;66H7[11;7H[?25h[?25l[24;66H8[11;8H[?25h[?25lg[24;66H9[11;9H[?25h[?25li[24;66H10[11;10H[?25h[?25lt[24;67H1[11;11H[?25h[?25lh[24;67H2[11;12H[?25h[?25lu[24;67H3[11;13H[?25h[?25lb[24;67H4[11;14H[?25h[?25l[24;67H5[11;15H[?25h[?25la[24;67H6[11;16H[?25h[?25ld[24;67H7[11;17H[?25h[?25ld[24;67H8[11;18H[?25h[?25l[24;67H9[11;19H[?25h[?25lf[24;66H20[11;20H[?25h[?25li[24;67H1[11;21H[?25h[?25ll[24;67H2[11;22H[?25h[?25le[24;67H3[11;23H[?25h[?25l[24;67H4[11;24H[?25h[?25lm[24;67H5[11;25H[?25h[?25la[24;67H6[11;26H[?25h[?25lt[24;67H7[11;27H[?25h[?25lu[24;67H8[11;28H[?25h[?25ll[24;67H9[11;29H[?25h[?25l[24;66H30[11;30H[?25h[?25l[12;1H[K[24;64H2,1 [12;1H[?25h[?25l[24;66H2[12;2H[?25h[?25l[24;66H3[12;3H[?25h[?25l[24;66H4[12;4H[?25h[?25l[24;66H3[12;3H[?25h[?25l[24;66H2[12;2H[?25h[?25l[24;66H1[12;1H[?25h[?25lt[24;66H2[12;2H[?25h[?25lh[24;66H3[12;3H[?25h[?25le[24;66H4[12;4H[?25h[?25l[24;66H5[12;5H[?25h[?25lg[24;66H6[12;6H[?25h[?25l[12;5H[K[24;66H5[12;5H[?25h[?25lf[24;66H6[12;6H[?25h[?25li[24;66H7[12;7H[?25h[?25ll[24;66H8[12;8H[?25h[?25le[24;66H9[12;9H[?25h[?25l[24;66H10[12;10H[?25h[?25li[24;67H1[12;11H[?25h[?25ln[24;67H2[12;12H[?25h[?25lt[24;67H3[12;13H[?25h[?25lo[24;67H4[12;14H[?25h[?25l[24;67H5[12;15H[?25h[?25lt[24;67H6[12;16H[?25h[?25lh[24;67H7[12;17H[?25h[?25le[24;67H8[12;18H[?25h[?25l[24;67H9[12;19H[?25h[?25lg[24;66H20[12;20H[?25h[?25li[24;67H1[12;21H[?25h[?25lt[24;67H2[12;22H[?25h[?25l[24;67H3[12;23H[?25h[?25ll[24;67H4[12;24H[?25h[?25l[12;23H[K[24;67H3[12;23H[?25h[?25l[24;67H2[12;22H[?25h[?25l[12;21H[K[24;67H1[12;21H[?25h[?25l[12;20H[K[24;67H0[12;20H[?25h[?25l[12;19H[K[24;66H19[12;19H[?25h[?25l[24;66H20[12;20H[?25h[?25ll[24;67H1[12;21H[?25h[?25li[24;67H2[12;22H[?25h[?25ln[24;67H3[12;23H[?25h[?25lu[24;67H4[12;24H[?25h[?25lx[24;67H5[12;25H[?25h[?25l[24;67H6[12;26H[?25h[?25lt[24;67H7[12;27H[?25h[?25le[24;67H8[12;28H[?25h[?25lm[24;67H9[12;29H[?25h[?25li[24;66H30[12;30H[?25h[?25ln[24;67H1[12;31H[?25h[?25la[24;67H2[12;32H[?25h[?25ll[24;67H3[12;33H[?25h[?25l[24;67H4[12;34H[?25h[?25lh[24;67H5[12;35H[?25h[?25lo[24;67H6[12;36H[?25h[?25lw[24;67H7[12;37H[?25h[?25l[13;1H[K[24;64H3,1 [13;1H[?25h[?25lg[24;66H2[13;2H[?25h[?25li[24;66H3[13;3H[?25h[?25lt[24;66H4[13;4H[?25h[?25l[24;66H5[13;5H[?25h[?25l[24;66H4[13;4H[?25h[?25l[13;3H[K[24;66H3[13;3H[?25h[?25l[13;2H[K[24;66H2[13;2H[?25h[?25l[13;1H[K[24;66H1[13;1H[?25h[?25ls[24;66H2[13;2H[?25h[?25la[24;66H3[13;3H[?25h[?25lm[24;66H4[13;4H[?25h[?25le[24;66H5[13;5H[?25h[?25l[24;66H6[13;6H[?25h[?25lb[24;66H7[13;7H[?25h[?25lr[24;66H8[13;8H[?25h[?25la[24;66H9[13;9H[?25h[?25lc[24;66H10[13;10H[?25h[?25lh[24;67H1[13;11H[?25h[?25le[24;67H2[13;12H[?25h[?25l[24;67H3[13;13H[?25h[?25l[24;67H4[13;14H[?25h[?25l[24;67H5[13;15H[?25h[?25l[24;67H6[13;16H[?25h[?25l-[24;67H7[13;17H[?25h[?25l-[24;67H8[13;18H[?25h[?25l-[24;67H9[13;19H[?25h[?25l-[24;66H20[13;20H[?25h[?25l-[24;67H1[13;21H[?25h[?25l[24;67H2[13;22H[?25h[?25lu[24;67H3[13;23H[?25h[?25ls[24;67H4[13;24H[?25h[?25le[24;67H5[13;25H[?25h[?25l[24;67H6[13;26H[?25h[?25lt[24;67H7[13;27H[?25h[?25lo[24;67H8[13;28H[?25h[?25l[24;67H9[13;29H[?25h[?25lt[24;66H30[13;30H[?25h[?25lh[24;67H1[13;31H[?25h[?25le[24;67H2[13;32H[?25h[?25l[24;67H3[13;33H[?25h[?25lg[24;67H4[13;34H[?25h[?25li[24;67H5[13;35H[?25h[?25lt[24;67H6[13;36H[?25h[?25l[24;67H7[13;37H[?25h[?25lm[24;67H8[13;38H[?25h[?25lm[24;67H9[13;39H[?25h[?25le[24;66H40[13;40H[?25h[?25lr[24;67H1[13;41H[?25h[?25lg[24;67H2[13;42H[?25h[?25le[24;67H3[13;43H[?25h[?25l[14;1H[K[24;64H4,1 [14;1H[?25h[?25l[1m[34m~                                                                               [m[24;64H3,43[13;43H[?25h[?25l[13;42H[K[24;67H2[13;42H[?25h[?25l[24;67H1[13;41H[?25h[?25l[24;67H0[13;40H[?25h[?25l[24;66H39[13;39H[?25h[?25l[24;67H8[13;38H[?25h[?25lerg[13;41H[K[24;67H7[13;37H[?25h[?25l[24;67H8[13;38H[?25h[?25l[24;67H9[13;39H[?25h[?25l[24;66H40[13;40H[?25h[?25l[24;67H1[13;41H[?25h[?25le[24;67H2[13;42H[?25h[?25l[14;1H[K[24;64H4,1 [14;1H[?25h[24;1H[K[14;1H[?25l[24;53H^[[14;1H[24;53H  [14;1H[24;63H14,0-1[8CAll[14;1H[?25h[?25l[24;53Hi[14;1H[24;53H [14;1H[24;1H[1m-- INSERT --[m[24;63H[K[24;63H14,1[10CAll[14;1H[?25h[?25l[24;66H2[14;2H[?25h[?25l[15;1H[K[24;64H5,1[15;1H[?25h[?25l[16;1H[K[24;64H6[16;1H[?25h[?25l[17;1H[K[24;64H7[17;1H[?25h[?25l[18;1H[K[24;64H8[18;1H[?25h[?25l[19;1H[K[24;64H9[19;1H[?25h[?25lg[24;66H2[19;2H[?25h[?25li[24;66H3[19;3H[?25h[?25l[19;2H[K[24;66H2[19;2H[?25h[?25l[19;1H[K[24;66H1[19;1H[?25h[?25l[1m[34m~                                                                               [m[24;64H8[18;1H[?25h[?25l.[24;66H2[18;2H[?25h[?25lg[24;66H3[18;3H[?25h[?25li[24;66H4[18;4H[?25h[?25lt[24;66H5[18;5H[?25h[?25l[19;1H[K[24;64H9,1[19;1H[?25h[?25l[24;66H2[19;2H[?25h[?25l[24;66H3[19;3H[?25h[?25l[24;66H4[19;4H[?25h[?25l[24;66H5[19;5H[?25h[?25l[24;66H6[19;6H[?25h[?25l[24;66H7[19;7H[?25h[?25l[24;66H8[19;8H[?25h[?25lw[24;66H9[19;9H[?25h[?25lh[24;66H10[19;10H[?25h[?25la[24;67H1[19;11H[?25h[?25lt[24;67H2[19;12H[?25h[?25l[24;67H3[19;13H[?25h[?25lf[24;67H4[19;14H[?25h[?25li[24;67H5[19;15H[?25h[?25ll[24;67H6[19;16H[?25h[?25le[24;67H7[19;17H[?25h[?25l[24;67H8[19;18H[?25h[?25lt[24;67H9[19;19H[?25h[?25lh[24;66H20[19;20H[?25h[?25le[24;67H1[19;21H[?25h[?25lr[24;67H2[19;22H[?25h[?25le[24;67H3[19;23H[?25h[?25l[20;1H[K[24;63H20,1 [20;1H[?25h[?25l[24;66H2[20;2H[?25h[?25l1[24;66H3[20;3H[?25h[?25l.[24;66H4[20;4H[?25h[?25lc[24;66H5[20;5H[?25h[?25lo[24;66H6[20;6H[?25h[?25lo[24;66H7[20;7H[?25h[?25lm[24;66H8[20;8H[?25h[?25li[24;66H9[20;9H[?25h[?25lt[24;66H10[20;10H[?25h[?25lm[24;67H1[20;11H[?25h[?25ls[24;67H2[20;12H[?25h[?25lg[24;67H3[20;13H[?25h[?25ls[24;67H4[20;14H[?25h[?25l[21;1H[K[24;64H1,1 [21;1H[?25h[?25l2[24;66H2[21;2H[?25h[?25l.[24;66H3[21;3H[?25h[?25ll[24;66H4[21;4H[?25h[?25lo[24;66H5[21;5H[?25h[?25lg[24;66H6[21;6H[?25h[?25ls[24;66H7[21;7H[?25h[?25l[22;1H[K[24;64H2,1[22;1H[?25h[?25l3[24;66H2[22;2H[?25h[?25l.[24;66H3[22;3H[?25h[?25lh[24;66H4[22;4H[?25h[?25l[22;3H[K[24;66H3[22;3H[?25h[?25lH[24;66H4[22;4H[?25h[?25lE[24;66H5[22;5H[?25h[?25lA[24;66H6[22;6H[?25h[?25lD[24;66H7[22;7H[?25h[?25lS[24;66H8[22;8H[?25h[?25l[23;1H[K[24;64H3,1[23;1H[?25h[?25l4[24;66H2[23;2H[?25h[?25l.[24;66H3[23;3H[?25h[?25lR[24;66H4[23;4H[?25h[?25lE[24;66H5[23;5H[?25h[?25lF[24;66H6[23;6H[?25h[?25l[23;5H[K[24;66H5[23;5H[?25h[?25l[23;4H[K[24;66H4[23;4H[?25h[?25l[23;3H[K[24;66H3[23;3H[?25h[?25l[24;66H4-9[23;9H[?25h[?25lr[24;66H5-10[23;10H[?25h[?25le[24;66H6-11[23;11H[?25h[?25lf[24;66H7-12[23;12H[?25h[?25l[23;11H[K[24;66H6-11[23;11H[?25h[?25l[23;10H[K[24;66H5-10[23;10H[?25h[?25l[23;9H[K[24;66H4-9 [23;9H[?25h[?25l[24;66H3  [23;3H[?25h[?25l[23;2H[K[24;66H2[23;2H[?25h[?25l.[24;66H3[23;3H[?25h[?25lr[24;66H4[23;4H[?25h[?25le[24;66H5[23;5H[?25h[?25lf[24;66H6[23;6H[?25h[?25l[1;23r[23;1H
[1;24r[24;63H[K[24;63H24,1[10CBot[23;1H[?25h[?25l5[24;66H2[23;2H[?25h[?25l.[24;66H3[23;3H[?25h[?25lb[24;66H4[23;4H[?25h[?25lr[24;66H5[23;5H[?25h[?25la[24;66H6[23;6H[?25h[?25lc[24;66H7[23;7H[?25h[?25lh[24;66H8[23;8H[?25h[?25le[24;66H9[23;9H[?25h[?25ls[24;66H10[23;10H[?25h[?25ls[24;67H1[23;11H[?25h[?25l[23;10H[K[24;67H0[23;10H[?25h[?25l[23;9H[K[24;66H9 [23;9H[?25h[?25l[23;8H[K[24;66H8[23;8H[?25h[?25l[23;7H[K[24;66H7[23;7H[?25h[?25l[23;6H[K[24;66H6[23;6H[?25h[?25ln[24;66H7[23;7H[?25h[?25lc[24;66H8[23;8H[?25h[?25lh[24;66H9[23;9H[?25h[?25l[1;23r[23;1H
[1;24r[24;63H[K[24;63H25,1[10CBot[23;1H[?25h[?25l6[24;66H2[23;2H[?25h[?25l.[24;66H3[23;3H[?25h[?25lo[24;66H4[23;4H[?25h[?25lb[24;66H5[23;5H[?25h[?25lj[24;66H6[23;6H[?25h[?25le[24;66H7[23;7H[?25h[?25lc[24;66H8[23;8H[?25h[?25lt[24;66H9[23;9H[?25h[?25ls[24;66H10[23;10H[?25h[?25l'[24;67H1[23;11H[?25h[?25l[23;10H[K[24;67H0[23;10H[?25h[?25l[1;23r[23;1H
[1;24r[24;63H[K[24;63H26,1[10CBot[23;1H[?25h[?25l7[24;66H2[23;2H[?25h[?25l.[24;66H3[23;3H[?25h[?25lo[24;66H4[23;4H[?25h[?25lr[24;66H5[23;5H[?25h[?25li[24;66H6[23;6H[?25h[?25lg[24;66H7[23;7H[?25h[?25li[24;66H8[23;8H[?25h[?25ln[24;66H9[23;9H[?25h[?25l[1;23r[23;1H
[1;24r[24;63H[K[24;63H27,1[10CBot[23;1H[?25h[24;1H[K[23;1H[?25l[24;53H^[[23;1H[24;53H  [23;1H[24;63H27,0-1[8CBot[23;1H[?25h[?25l[24;53H:[23;1H[24;53H[K[24;1H:[?25hwq[?25l[?2004l[>4;m"hidenfiles" 27L, 299B written[23;2t[23;1t
[?1004l[?2004l[?1l>[?25h[>4;m[?1049l[23;0;0t[?2004h]0;root@ip-172-31-4-81: ~/Linux_coomends/git_coomendsroot@ip-172-31-4-81:~/Linux_coomends/git_coomends# git add .
[?2004l[?2004h]0;root@ip-172-31-4-81: ~/Linux_coomends/git_coomendsroot@ip-172-31-4-81:~/Linux_coomends/git_coomends# git status
[?2004lOn branch ubuntucoomends
Changes to be committed:
  (use "git restore --staged <file>..." to unstage)
	[32mnew file:   hidenfiles[m

Changes not staged for commit:
  (use "git add <file>..." to update what will be committed)
  (use "git restore <file>..." to discard changes in working directory)
	[31mmodified:   ../typescript[m

[?2004h]0;root@ip-172-31-4-81: ~/Linux_coomends/git_coomendsroot@ip-172-31-4-81:~/Linux_coomends/git_coomends# git log
[?2004l[?1h=[33mcommit 823edc7217a083ad3f85d3a66406537c205a7d5c[m[33m ([m[1;36mHEAD -> [m[1;32mubuntucoomends[m[33m, [m[1;31morigin/[m [33m[m[33m[m[1;36m[m[1;32m[m[33m[m[1;31mmain[m[33m, [m[1;31morigin/HEAD[m[33m, [m[1;32mmain[m[33m, [m[1;32mcheckout[m[33m)[m[m
Author: bodanapusaileela-gl <bodanapusaileela0101@gmail.com>[m
Date:   Tue Jul 16 00:26:47 2024 +0530[m
[m
    Update file4[m
    [m
    fil4[m
[m
[33mcommit c6b51af0c3b279a694b4b0dfd0eeb320b3e0115d[m[m
Author: bodanapusaileela-gl <bodanapusaileela0101@gmail.com>[m
Date:   Tue Jul 16 00:23:25 2024 +0530[m
[m
    Update file5[m
    [m
    file5 content[m
[m
[33mcommit ce8d3c8f17505f46ba343c9a3f2a706e8269b4d7[m[m
Author: root <root@ip-172-31-4-81.ap-south-1.compute.internal>[m
Date:   Mon Jul 15 18:35:22 2024 +0000[m
[m
    all file[m
[m
:[K[H[2J[H[H[2J[H[33mcommit 823edc7217a083ad3f85d3a66406537c205a7d5c[m[33m ([m[1;36mHEAD -> [m[1;32mubuntucoomends[m[33m, [m[1;31morigin/[m [33m[m[33m[m[1;36m[m[1;32m[m[33m[m[1;31mmain[m[33m, [m[1;31morigin/HEAD[m[33m, [m[1;32mmain[m[33m, [m[1;32mcheckout[m[33m)[m[m
Author: bodanapusaileela-gl <bodanapusaileela0101@gmail.com>[m
Date:   Tue Jul 16 00:26:47 2024 +0530[m
[m
    Update file4[m
    [m
    fil4[m
[m
[33mcommit c6b51af0c3b279a694b4b0dfd0eeb320b3e0115d[m[m
Author: bodanapusaileela-gl <bodanapusaileela0101@gmail.com>[m
Date:   Tue Jul 16 00:23:25 2024 +0530[m
[m
    Update file5[m
    [m
    file5 content[m
[m
[33mcommit ce8d3c8f17505f46ba343c9a3f2a706e8269b4d7[m[m
Author: root <root@ip-172-31-4-81.ap-south-1.compute.internal>[m
Date:   Mon Jul 15 18:35:22 2024 +0000[m
[m
    all file[m
[m
:[K[H[2J[H[H[2J[H[33mcommit 823edc7217a083ad3f85d3a66406537c205a7d5c[m[33m ([m[1;36mHEAD -> [m[1;32mubuntucoomends[m[33m, [m[1;31morigin/[m [33m[m[33m[m[1;36m[m[1;32m[m[33m[m[1;31mmain[m[33m, [m[1;31morigin/HEAD[m[33m, [m[1;32mmain[m[33m, [m[1;32mcheckout[m[33m)[m[m
Author: bodanapusaileela-gl <bodanapusaileela0101@gmail.com>[m
Date:   Tue Jul 16 00:26:47 2024 +0530[m
[m
    Update file4[m
    [m
    fil4[m
[m
[33mcommit c6b51af0c3b279a694b4b0dfd0eeb320b3e0115d[m[m
Author: bodanapusaileela-gl <bodanapusaileela0101@gmail.com>[m
Date:   Tue Jul 16 00:23:25 2024 +0530[m
[m
    Update file5[m
    [m
    file5 content[m
[m
[33mcommit ce8d3c8f17505f46ba343c9a3f2a706e8269b4d7[m[m
Author: root <root@ip-172-31-4-81.ap-south-1.compute.internal>[m
Date:   Mon Jul 15 18:35:22 2024 +0000[m
[m
    all file[m
[m
:[K[K[?1l>
[?2004h]0;root@ip-172-31-4-81: ~/Linux_coomends/git_coomendsroot@ip-172-31-4-81:~/Linux_coomends/git_coomends# git commit -m "gitcoomendfile "
[?2004l[ubuntucoomends d5cdd1a] gitcoomendfile
 Committer: root <root@ip-172-31-4-81.ap-south-1.compute.internal>
Your name and email address were configured automatically based
on your username and hostname. Please check that they are accurate.
You can suppress this message by setting them explicitly. Run the
following command and follow the instructions in your editor to edit
your configuration file:

    git config --global --edit

After doing this, you may fix the identity used for this commit with:

    git commit --amend --reset-author

 1 file changed, 27 insertions(+)
 create mode 100644 git_coomends/hidenfiles
[?2004h]0;root@ip-172-31-4-81: ~/Linux_coomends/git_coomendsroot@ip-172-31-4-81:~/Linux_coomends/git_coomends# git status
[?2004lOn branch ubuntucoomends
Changes not staged for commit:
  (use "git add <file>..." to update what will be committed)
  (use "git restore <file>..." to discard changes in working directory)
	[31mmodified:   ../typescript[m

no changes added to commit (use "git add" and/or "git commit -a")
[?2004h]0;root@ip-172-31-4-81: ~/Linux_coomends/git_coomendsroot@ip-172-31-4-81:~/Linux_coomends/git_coomends# git statuscommit -m "gitcoomendfile"[A]0;root@ip-172-31-4-81: ~/Linux_coomends/git_coomendsroot@ip-172-31-4-81:~/Linux_coomends/git_coomends# [C[C[C[Clog[K
[K[A[C[C[C[C[C[C[C[C[C[C[C[C[C[C[C[C[C[C[C[C[C[C[C[C[C[C[C[C[C[C[C[C[C[C[C[C[C[C[C[C[C[C[C[C[C[C[C[C[C[C[C[C[C[C[C[C[C[Cstatus[1Padd .vi hidenfiles [K[K[K[K[K[K[K[K[K[K[K[K[K